[    0.000000] Initializing cgroup subsys cpuset
[    0.000000] Initializing cgroup subsys cpu
[    0.000000] Initializing cgroup subsys cpuacct
[    0.000000] Linux version 4.4.0-139-generic (buildd@lcy01-amd64-006) (gccversion 5..0 20160609 (Ubuntu 5.4.0-6ubuntu1~16.04.10) ) #165-Ubuntu SMP Wed Oct 24 10:58:50 UTC 2018 (Ubuntu 4.4.0-139.165-generic 4.4.160)
[    0.000000] Command line: BOOT_IMAGE=/boot/vmlinuz-4.4.0-139-generic root=UUID=d5123bd1-3647-41c3-8075-7995b09280cc ro console=tty1 console=ttyS0
[    0.000000] KERNEL supported cpus:
[    0.000000]   Intel GenuineIntel
[    0.000000]   AMD AuthenticAMD
[    0.000000]   Centaur CentaurHauls
[    0.000000] x86/fpu: xstate_offset[2]:  576, xstate_sizes[2]:  256
[    0.000000] x86/fpu: Supporting XSAVE feature 0x01: 'x87 floating point registers'
[    0.000000] x86/fpu: Supporting XSAVE feature 0x02: 'SSE registers'
[    0.000000] x86/fpu: Supporting XSAVE feature 0x04: 'AVX registers'
[    0.000000] x86/fpu: Enabled xstate features 0x7, context size is 832 bytes, using 'standard' format.
[    0.000000] e820: BIOS-provided physical RAM map:
[    0.000000] BIOS-e820: [mem 0x0000000000000000-0x000000000009fbff] usable
[    0.000000] BIOS-e820: [mem 0x000000000009fc00-0x000000000009ffff] reserved
[    0.000000] BIOS-e820: [mem 0x00000000000f0000-0x00000000000fffff] reserved
[    0.000000] BIOS-e820: [mem 0x0000000000100000-0x000000007ffeffff] usable
[    0.000000] BIOS-e820: [mem 0x000000007fff0000-0x000000007fffffff] ACPI data
[    0.000000] BIOS-e820: [mem 0x00000000fec00000-0x00000000fec00fff] reserved
[    0.000000] BIOS-e820: [mem 0x00000000fee00000-0x00000000fee00fff] reserved
[    0.000000] BIOS-e820: [mem 0x00000000fffc0000-0x00000000ffffffff] reserved
[    0.000000] NX (Execute Disable) protection: active
[    0.000000] SMBIOS 2.5 present.
[    0.000000] Hypervisor detected: KVM
[  0000000] e820: last_pfn = 0x7fff0 max_arch_pfn = 0x400000000
[    0.000000] MTRR: Disabled
[    0.000000] x8PAT MTRRs disale, kiping PAT initialization too.
[    0.000000] CPU MTRRs all blank - virtualized system.
[    0.000000] x86/PAT: Configuration [0-7]: WB  WT  UC- UC  WB  WT  UC- UC  
[    0.000000] found SMP MP-table at [mem 0x0009fff0-0x0009ffff] mapped at [ffff88000009fff0]
[    0.000000] Scanning 1 areas for low memory corruption
[    0.000000] RAMDISK: [mem 0x32c7c000-0x35635fff]
[    0.000000] ACPI: Early table checksum verification disabled
[    0.000000] ACPI: RSDP 0x00000000000E0000 000024 (v02 VBOX  )
[    0.000000] ACPI: XSDT 0x000000007FFF0030 00003C (v01 VBOX   VBOXXSDT 00000001 ASL  00000061)
[    0.000000] ACPI: FACP 0x000000007FFF00F0 0000F4 (v04 VBOX   VBOXFACP 00000001 ASL  00000061)
[    0.000000] ACPI: DSDT 0x000000007FFF0470 0021FF (v02 VBOX   VBOXBIOS 00000002 INTL 20100528)
[    0.000000] ACPI:FACS 0x000000007FFF0200 000040
[    0.000000] ACPI: FACS 0x000000007FFF0200 000040
[    0.000000] ACPI: APIC 0x000000007FFF0240 00005C (v02 VBOX   VBOAPIC 00000001 ASL  00000061)
[    0.000000] ACPI: SSDT 0x000000007FFF02A0 0001CC (v01 VBOX   VBOXCPUT 00000002 INTL 20100528)
[    0.0000000] No NUMA configatonfound[    0.0000] Faking a node at [mem 0x0000000000000000-0x000000007ffeffff]
[    0.000000] NODE_DATA(0) allocated [mem 0x7ffeb000-0x7ffeffff][   00000] kvm-clock: Using msrsb564d01 and 4b564d00
[    0.000000] kvm-clock: cpu 0, msr 0:7ffe3001, primary cpu clock
[    0.000000] kvm-clock: using sched offset of 10269971575 cycles
[    0.000000] clocksource: kvm-clock: mask: 0xffffffffffffffff max_cycles: 0x1cd42e4dffb, max_idle_ns: 881590591483 ns
[    0.000000] Zone ranges:
[    0.000000]   DMA      [mem 0x0000000000001000-0x0000000000ffffff]
[    0.000000]   DMA32    [mem 0x0000000001000000-0x000000007ffeffff]
[    0.00000]   Normal   empty
[    0.000000]   Device   empty
[    0.000000] Movable zone start for each node
[    0.000000] Early memory node ranges
[    0.000000]   node   0: [mem 0x00000000000001000-0x000000000009eff]
   0.000000]   node   0: [mem 0x000000000100000-0x000000007ffeffff]
[    0.000000] Inme setup node 0 [me0x00000000001000-0x000000007ffefffff]
[    0.000000] ACPI: PM-Timer IO Port: 0x4008
[    0.000000] IOAPIC[0]: apic_id 2, version 32, address 0xfec00000, GSI 0-23
[  0.000000] ACPI: INT_SRC_OVR (bus 0 bus_irq 0 global_irq 2 dfl dfl)
[    0.000000] ACPI: INT_SRC_OVR (bus 0 bus_irq 9 global_irq 9 low level)
[    0.000000] Using ACPI (MADT) for SMP configuration informmation
[    0.000000] smpboot: Allowing 2 CPUs, 0 hotplug CPUs
[    0.000000] PM: Registered nosave memory: [mem 0x00000000-0x00000fff]
[    0.000000] PM: Registered nosave memory: [mem 0x0009f000-0x0009ffff]
[    0.000000] PM: Registered nosave memory: [mem 0x000a0000-0x000effff]
[    0.000000] PM: Registered nosave memory: [mem 0x000f0000-0x000fffff]
[    0.000000] e820: [mem 0x80000000-0xfebfffff] available for PCI devices
[    0.000000] Booting paravirtualized kernel on KVM
[    0.000000] clocksource: refined-jiffies: mask: 0xffffffff max_cycles: 0xffffffff, max_idle_ns: 765519600211568 ns
[    0.000000] setup_percpu: NR_CPUS:512nrcpumak_it:512 nr_u_ds22 nr_node_ids:1
[    0.000000] PERCPU: Embedded 34 pages/cpu @ffff88007fc00000 s99608 r8192 d31464 u1048576
[    0.000000] PV qspinlock hash tbl etries:56(ordr:: 0406 ytes)
[    .000000] But 1 zonelists in Node order, mobility grouping on.  Total pages: 515960
[    0.000000] Policy zone: DMA32
[    0.000000] Kernel command line: BOOT_IMAGE=/boot/vmlinuz-4.4.0-139-generic root=UUID=d5123bd1-3647-41c3-8075-7995b09280cc ro console=tty1 console=ttyS0
[    0.000000] PID hash table entries: 4096 (order: 3, 32768 bytes)
[    0.000000] Memory: 2001968K/2096696K available (856 kernel code, 1314K rwdata, 4004K rodata, 1528K init, 1316K bss, 9728K reserved, 0K cma-reserved)
[    0.000000] SLUB: HWalign=64, Order=0-3, MinObjects=0, CPUs=2, Nodes=1
[    0.000000] Kernel/User page tables isolation: enabled
[    0.000000] Hierarchical RCU implementation.
[    0.000000] 	Build-time adjustment of leaf fanout to 64.
[    0.000000] 	RCU restricting CPUs from NR_CPUS=512 to nr_cpu_ids=2.
[    0.000000] RCU: Adjusting geometry for rcu_fanout_leaf=64, nr_cpu_ids=2
[    0.000000] NR_IRQS:33024 nrirqs:440 16
[    0.000000] Console: colour VGA+ 80x25
[    0.000000] console [tty1] enabled
[    0.000000] console [ttyS0] enabled
[    0.000000] tsc: Detected 2904.000 MHz processor
[    2.038961] Calibrating delay loop (skipped) preset value.. 5808.00 BogoMIPS (lpj=11616000)
[    2.042522] pid_max: default: 32768 minimum: 301
[    2.050646] ACPI: Core revision 20150930
[    2.058574] ACPI: 2 ACPI AML tables successfully acquired and loaded
[    2.061946] Security Framework initialized
[    2.073516] Yama: becoming mindful.
[    2.083446] AppArmor: AppArmor initialized
[    2.089835] Dentry cache hash table entries: 262144 (order: 9, 2097152 bytes)
[    2.104431] Inode-cache hash table entries: 131072 (order: 8, 1048576 bytes)
[    2.121205] Mount-cache hash table entries: 4096 (order: 3, 32768 bytes)
[    2.162086] Mountpoint-cache hash table entries: 4096 (order: 3, 32768 bytes)
[    2.176140] Initializing cgroup subsys io
[    2.178513] Initializing cgroup subsys memory
[    2.195639] Initializing cgroup subsys devices
[    2.204622] Initializing cgroup subsys freezer
[    2.206116] Initializing cgroup subsys net_cls
[    2.207496] Initializing cgroup subsys perf_event
[    2.208936] Initializing cgroup subsys net_prio
[    2.214627] Initializing cgroup subsys hugetlb
[    2.233612] Initializing cgroup subsys pids
[    2.247307] mce: CPU supports 0 MCE banks
[    2.275027] Last level iTLB entries: 4KB 64, 2MB 8, 4MB 8
[    2.322607] Last level dTLB entries: 4KB 64, 2MB 0, 4MB 0, 1GB 4
[    2.346292] Spectre V2 : Mitigation: Full generic retpoline
[    2.365346] Spectre V2 : Spectre v2 mitigation: Speculation control IBPB not-supported IBRS not-supported
[    2.369075] Spectre V2 : Spectre v2 / SpectreRSB mitigation: Filling RSB on context switch
[    2.390940] Speculative Store Bypass: Vulnerable
[    2.404219] Freeing SMP alternatives memory: 32K
[    2.442147] ftrace: allocating 32278 entries in 127 pages
[    2.526426] smpboot: APIC(0) Converting physical 0 to logical package 0
[    2.552919] smpboot: Max logical packages: 1
[    2.569698] x2apic enabled
[    2.571038] Switched APIC routing to physical x2apic.
[    2.573792] ..TIMER: vector=0x30 apic1=0 pin1=2 apic2=-1 pin2=-1
[    2.681279] smpboot: CPU0: Intel(R) Core(TM) i5-6267U CPU @ 2.90GHz (family: 0x6, model: 0x4e, stepping: 0x3)
[    2.730557] Performance Events: unsupported p6 CPU model 78 no PMU driver, software events only.
[    2.794995] KVM setup paravirtual spinlock
[    2.841629] x86: Booting SMP configuration:
[    2.858958] .... node  #0, CPUs:      #1
[    2.862935] kvm-clock: cpu 1, msr 0:7ffe3041, secondary cpu clock
[    2.866041] mce: CPU supports 0 MCE banks
[    2.869610] x86: Booted up 1 node, 2 CPUs
[    2.876855] smpboot: Total of 2 processors activated (11616.00 BogoMIPS)
[    2.904673] devtmpfs: initialized
[    2.924096] evm: security.selinux
[    2.944499] evm: security.SMACK64
[    2.947138] evm: security.SMACK64EXEC
[    2.948603] evm: security.SMACK64TRANSMUTE
[    2.953071] evm: security.SMACK64MMAP
[    2.966943] evm: security.ima
[    2.980066] evm: security.capability
[    2.981817] clocksource: jiffies: mask: 0xffffffff max_cycles: 0xffffffff, max_idle_ns: 7645041785100000 ns
[    3.013369] futex hash table entries: 512 (order: 3, 32768 bytes)
[    3.053803] pinctrl core: initialized pinctrl subsystem
[    3.064303] RTC time:  6:21:45, date: 11/28/18
[    3.067552] NET: Registered protocol family 16
[    3.093220] cpuidle: using governor ladder
[    3.108843] cpuidle: using governor menu
[    3.129987] PCCT header not found.
[    3.143820] ACPI: bus type PCI registered
[    3.148134] acpiphp: ACPI Hot Plug PCI Controller Driver version: 0.5
[    3.193281] PCI: Using configuration type 1 for base access
[    3.233623] ACPI: Added _OSI(Module Device)
[    3.240891] ACPI: Added _OSI(Processor Device)
[    3.242602] ACPI: Added _OSI(3.0 _SCP Extensions)
[    3.244390] ACPI: Added _OSI(Processor Aggregator Device)
[    3.271272] ACPI: Executed 1 blocks of module-level executable AML code
[    3.286152] ACPI: Interpreter enabled
[    3.292409] ACPI: (supports S0 S5)
[    3.297803] ACPI: Using IOAPIC for interrupt routing
[    3.299858] PCI: Using host bridge windows from ACPI; if necessary, use "pci=nocrs" and report a bug
[    3.345778] ACPI: PCI Root Bridge [PCI0] (domain 0000 [bus 00-ff])
[    3.371865] acpi PNP0A03:00: _OSC: OS supports [ASPM ClockPM Segments MSI]
[    3.390972] acpi PNP0A03:00: _OSC: not requesting OS control; OS requires [ExtendedConfig ASPM ClockPM MSI]
[    3.450595] acpi PNP0A03:00: fail to add MMCONFIG information, can't access extended PCI configuration space under this bridge.
[    3.543361] PCI host bridge to bus 0000:00
[    3.571028] pci_bus 0000:00: root bus resource [io  0x0000-0x0cf7 window]
[    3.583048] pci_bus 0000:00: root bus resource [io  0x0d00-0xffff window]
[    3.589672] pci_bus 0000:00: root bus resource [mem 0x000a0000-0x000bffff window]
[    3.595267] pci_bus 0000:00: root bus resource [mem 0x80000000-0xfdffffff window]
[    3.639642] pci_bus 0000:00: root bus resource [bus 00-ff]
[    3.653624] pci 0000:00:01.1: legacy IDE quirk: reg 0x10: [io  0x01f0-0x01f7]
[    3.670082] pci 0000:00:01.1: legacy IDE quirk: reg 0x14: [io  0x03f6]
[    3.682221] pci 0000:00:01.1: legacy IDE quirk: reg 0x18: [io  0x0170-0x0177]
[    3.684654] pci 0000:00:01.1: legacy IDE quirk: reg 0x1c: [io  0x0376]
[    3.752977] pci 0000:00:07.0: quirk: [io  0x4000-0x403f] claimed by PIIX4 ACPI
[    3.761068] pci 0000:00:07.0: quirk: [io  0x4100-0x410f] claimed by PIIX4 SMB
[    3.794964] ACPI: PCI Interrupt Link [LNKA] (IRQs 5 9 10 *11)
[    3.816976] ACPI: PCI Interrupt Link [LNKB] (IRQs 5 9 *10 11)
[    3.824060] ACPI: PCI Interrupt Link [LNKC] (IRQs 5 *9 10 11)
[    3.838098] ACPI: PCI Interrupt Link [LNKD] (IRQs 5 9 10 *11)
[    3.867038] ACPI: Enabled 2 GPEs in block 00 to 07
[    3.877727] vgaarb: setting as boot device: PCI:0000:00:02.0
[    3.910645] vgaarb: device added: PCI:0000:00:02.0,decodes=io+mem,owns=io+mem,locks=none
[    3.966460] vgaarb: loaded
[    3.980849] vgaarb: bridge control possible 0000:00:02.0
[    4.001931] SCSI subsystem initialized
[    4.029488] ACPI: bus type USB registered
[    4.036606] usbcore: registered new interface driver usbfs
[    4.057774] usbcore: registered new interface driver hub
[    4.089955] usbcore: registered new device driver usb
[    4.126126] PCI: Using ACPI for IRQ routing
[    4.151326] NetLabel: Initializing
[    4.180285] NetLabel:  domain hash size = 128
[    4.182274] NetLabel:  protocols = UNLABELED CIPSOv4
[    4.196908] NetLabel:  unlabeled traffic allowed by default
[    4.199086] amd_nb: Cannot enumerate AMD northbridges
[    4.201109] clocksource: Switched to clocksource kvm-clock
[    4.275] pprmor: AppArmor Fleysem Enabled
[    4.451983] pnp: PnP ACPI init
[   .45472 pnp PP ACI:found 3 evics

[    4.1073 clocksource: acpi_pm: mask: 0xffffff max_cycles: 0xffff, max_idle_ns: 2085701024 ns
[  4.849590] ET Rgistered protocol family 2

[    5.020936] TCP established hash table entries: 16384 (order: 5, 1310 byts)
[    5.09607] CP bind hash tabl entries16384 (order: 6, 2614 bytes)
[    5.322361] TCP: Hash tables configured (established 16384 bind 16384)
[    5.324809] UDP hash table entries: 1024 (order: 3, 32768 bytes)
[    5.328076] UDP-Lite hash table entries: 1024 (order: 3, 32768 bytes)
[    5.330264] NET: Registered protocol family 1
[    5.331640] pci 0000:00:00.0: Limiting direct PCI/PCI transfers[    5.357470] pci 0000:00:01.0: ctvain IA MAhang workarounds
[    5.551452] Unpacking initramfs...

[    6.381215] Freeing initrd memory: 42728K
[    6.384834] platform rtc_cmos: registered platform RTC device (no PNP device found)
[    6.388177] Scanning for low memory corruption every 60 seconds
[    6.399377] audit: initializing netlink subsys (disabled)
[    6.442676] audit: type=2000 audit(1543386116.682:1): initialized
[    6.485656] Initialise system trusted keyring
[    6.496013] HugeTLB registered 2 MB page size, pre-allocated 0 pages
[    6.508599] zbud: loaded
[    6.510158] VFS: Disk quotas dquot_6.6.0
[    6.516510] VFS: Dquot-cache hash table entries: 512 (order 0, 4096 bytes)
[    6.554311] squashfs: version 4.0 (2009/01/31) Phillip Lougher
[    6.597951] fuse init (API version 7.23)
[    6.624440] Key type big_key registered
[    6.625824] Allocating IMA MOK and blacklist keyrings.
[    6.669363] Key type asymmetric registered
[    6.700214] Asymmetric key parser 'x509' registered
[    6.734827] Block layer SCSI generic (bsg) driver version 0.4 loaded (major 249)
[    6.794956] io scheduler noop registered
[    6.807859] io scheduler deadline registered (default)
[    6.861632] io scheduler cfq registered
[    6.878027] pci_hotplug: PCI Hot Plug PCI Core version: 0.5
[    6.888825] pciehp: PCI Express Hot Plug Controller Driver version: 0.4
[    6.901462] ACPI: AC Adapter [AC] (on-line)
[    6.917566] input: Power Button as /devices/LNXSYSTM:00/LNXPWRBN:00/input/input0
[    6.952684] ACPI: Power Button [PWRF]
[    6.973098] input: Sleep Button as /devices/LNXSYSTM:00/LNXSLPBN:00/input/input1
[    6.995292] ACPI: Sleep Button [SLPF]
[    7.036899] ACPI: Battery Slot [BAT0] (battery present)
[    7.048825] GHES: HEST is not enabled!
[    7.068512] virtio-pci 0000:00:03.0: virtio_pci: leaving for legacy driver
[    7.071942] virtio-pci 0000:00:08.0: virtio_pci: leaving for legacy driver
[    7.076126] virtio-pci 0000:00:09.0: virtio_pci: leaving for legacy driver
[    7.117413] virtio-pci 0000:00:0a.0: virtio_pci: leaving for legacy driver
[    7.149017] Serial: 8250/16550 driver, 32 ports, IRQ sharing enabled
[    7.186254] 00:02: ttyS0 at I/O 0x3f8 (irq = 4, base_baud = 115200) is a 16550A
[    7.203849] Linux agpgart interface v0.103
[    7.216412] loop: module loaded
[    7.227334] scsi host0: ata_piix
[    7.239699] scsi host1: ata_piix
[    7.243282] ata1: PATA max UDMA/33 cmd 0x1f0 ctl 0x3f6 bmdma 0xd000 irq 14
[    7.249359] ata2: PATA max UDMA/33 cmd 0x170 ctl 0x376 bmdma 0xd008 irq 15
[    7.259743] libphy: Fixed MDIO Bus: probed
[    7.267351] tun: Universal TUN/TAP device driver, 1.6
[    7.272536] tun: (C) 1999-2004 Max Krasnyansky <maxk@qualcomm.com>
[    7.280573] PPP generic driver version 2.4.2
[    7.299221] ehci_hcd: USB 2.0 'Enhanced' Host Controller (EHCI) Driver
[    7.338080] ehci-pci: EHCI PCI platform driver
[    7.349709] ehci-platform: EHCI generic platform driver
[    7.377351] ohci_hcd: USB 1.1 'Open' Host Controller (OHCI) Driver
[    7.381451] tsc: Refined TSC clocksource calibration: 2905.175 MHz
[    7.381453] clocksource: tsc: mask: 0xffffffffffffffff max_cycles: 0x29e05b987e1, max_idle_ns: 440795297933 ns
[    7.619176] ohci-pci: OHCI PCI platform driver
[    7.628124] ohci-platform: OHCI generic platform driver
[    7.640230] uhci_hcd: USB Universal Host Controller Interface driver
[    7.644886] i8042: PNP: PS/2 Controller [PNP0303:PS2K,PNP0f03:PS2M] at 0x60,0x64 irq 1,12
[    7.731929] serio: i8042 KBD port at 0x60,0x64 irq 1
[    7.746887] serio: i8042 AUX port at 0x60,0x64 irq 12
[    7.760540] mousedev: PS/2 mouse device common for all mice
[    7.791086] input: AT Translated Set 2 keyboard as /devices/platform/i8042/serio0/input/input2
[    7.860904] rtc_cmos rtc_cmos: rtc core: registered rtc_cmos as rtc0
[    7.985074] rtc_cmos rtc_cmos: alarms up to one day, 114 bytes nvram
[    7.988713] i2c /dev entries driver
[    8.001705] device-mapper: uevent: version 1.0.3
[    8.003952] device-mapper: ioctl: 4.34.0-ioctl (2015-10-28) initialised: dm-devel@redhat.com
[    8.007402] ledtrig-cpu: registered to indicate activity on CPUs
[    8.011086] NET: Registered protocol family 10
[    8.013691] NET: Registered protocol family 17
[    8.015712] Key type dns_resolver registered
[    8.017815] registered taskstats version 1
[    8.019633] Loading compiled-in X.509 certificates
[    8.023381] Loaded X.509 cert 'Build time autogenerated kernel key: a88b0f663ecfd40e6a501dee2f0b211d51902e35'
[    8.028030] zswap: loaded using pool lzo/zbud
[    8.032872] Key type trusted registered
[    8.043859] Key type encrypted registered
[    8.045766] AppArmor: AppArmor sha1 policy hashing enabled
[    8.048203] ima: No TPM chip found, activating TPM-bypass!
[    8.050874] ima: Allocated hash algorithm: sha1
[    8.053170] evm: HMAC attrs: 0x1
[    8.056086]   Magic number: 10:592:368
[    8.057941] rtc_cmos rtc_cmos: setting system clock to 2018-11-28 06:21:50 UTC (1543386110)
[    8.061719] BIOS EDD facility v0.16 2004-Jun-25, 0 devices found
[    8.064607] EDD information not available.
[    8.069364] Freeing unused kernel memory: 1528K
[    8.082566] Write protecting the kernel read-only data: 14336k
[    8.158191] Freeing unused kernel memory: 1664K
[    8.160570] Freeing unused kernel memory: 92K
Loading, please [    8.216926] random: udevadm: uninitialized urandom read (16 bytes read, 5 bits of entropy available)
wait...
startin[    8.217435] random: systemd-udevd: uninitialized urandom read (16 bytes read, 5 bits of entropy available)
g version 229
[    8.217514] random: systemd-udevd: uninitialized urandom read (16 bytes read, 5 bits of entropy available)
[    8.217527] random: systemd-udevd: uninitialized urandom read (16 bytes read, 5 bits of entropy available)
[    8.217540] random: systemd-udevd: uninitialized urandom read (16 bytes read, 5 bits of entropy available)
[    8.338470] random: udevadm: uninitialized urandom read (16 bytes read, 7 bits of entropy available)
[    8.355589] random: systemd-udevd: uninitialized urandom read (16 bytes read, 7 bits of entropy available)
[    8.361635] random: udevadm: uninitialized urandom read (16 bytes read, 7 bits of entropy available)
[    8.361691] random: udevadm: uninitialized urandom read (16 bytes read, 7 bits of entropy available)
[    8.362099] random: udevadm: uninitialized urandom read (16 bytes read, 7 bits of entropy available)
[    8.455668] ACPI: Video Device [GFX0] (multi-head: yes  rom: no  post: no)
[    8.492553] virtio_net virtio0 enp0s3: renamed from eth0
[    8.501419] input: Video Bus as /devices/LNXSYSTM:00/LNXSYBUS:00/PNP0A03:00/LNXVIDEO:00/input/input4
[    8.516657] [drm] Initialized drm 1.1.0 20060810
[    8.517577] Fusion MPT base driver 3.04.20
[    8.517578] Copyright (c) 1999-2008 LSI Corporation
[    8.522725] virtio_net virtio1 enp0s8: renamed from eth1
[    8.528836] Fusion MPT SPI Host driver 3.04.20
[    8.541205] mptbase: ioc0: Initiating bringup
[    8.545605] virtio_net virtio2 enp0s9: renamed from eth2
[    8.558133] virtio_net virtio3 enp0s10: renamed from eth3
[    8.563812] AVX2 version of gcm_enc/dec engaged.
[    8.565954] AES CTR mode by8 optimization enabled
[    8.595847] vboxvideo: loading out-of-tree module taints kernel.
[    8.598477] vboxvideo: module verification failed: signature and/or required key missing - tainting kernel
[    8.605729] ioc0: LSI53C1030 A0: Capabilities={Initiator}
[    8.726447] input: ImExPS/2 Generic Explorer Mouse as /devices/platform/i8042/serio1/input/input5
[    9.291219] scsi host2: ioc0: LSI53C1030 A0, FwRev=00000000h, Ports=1, MaxQ=256, IRQ=20
[   10.428950] scsi 2:0:0:0: Direct-Access     VBOX     HARDDISK         1.0  PQ: 0 ANSI: 5
[   10.437557] scsi target2:0:0: Beginning Domain Validation
[   10.458049] [drm] VRAM 10000000
[   10.459915] scsi target2:0:0: Domain Validation skipping write tests
[   10.459917] scsi target2:0:0: Ending Domain Validation
[   10.460018] scsi target2:0:0: asynchronous
[   10.466547] scsi 2:0:1:0: Direct-Access     VBOX     HARDDISK         1.0  PQ: 0 ANSI: 5
[   10.466552] scsi target2:0:1: Beginning Domain Validation
[   10.468659] scsi target2:0:1: Domain Validation skipping write tests
[   10.468660] scsi target2:0:1: Ending Domain Validation
[   10.468734] scsi target2:0:1: asynchronous
[   10.486490] sd 2:0:0:0: Attached scsi generic sg0 type 0
[   10.486778] sd 2:0:0:0: [sda] 20971520 512-byte logical blocks: (10.7 GB/10.0 GiB)
[   10.487094] sd 2:0:1:0: Attached scsi generic sg1 type 0
[   10.487620] sd 2:0:0:0: [sda] Write Protect is off
[   10.487741] sd 2:0:1:0: [sdb] 20480 512-byte logical blocks: (10.5 MB/10.0 MiB)
[   10.487793] sd 2:0:0:0: [sda] Incomplete mode parameter data
[   10.487794] sd 2:0:0:0: [sda] Assuming drive cache: write through
[   10.487891] sd 2:0:1:0: [sdb] Write Protect is off
[   10.488137] sd 2:0:1:0: [sdb] Incomplete mode parameter data
[   10.488138] sd 2:0:1:0: [sdb] Assuming drive cache: write through
[   10.490436]  sda: sda1
[   10.491333] sd 2:0:0:0: [sda] Attached SCSI disk
[   10.492147] sd 2:0:1:0: [sdb] Attached SCSI disk
[   10.611521] [TTM] Zone  kernel: Available graphics memory: 1024006 kiB
[   10.613947] [TTM] Initializing pool allocator
[   10.615882] [TTM] Initializing DMA pool allocator
[   10.619628] fbcon: vboxdrmfb (fb0) is primary device
[   10.628695] Console: switching to colour frame buffer device 100x37
[   10.712200] vboxvideo 0000:00:02.0: fb0: vboxdrmfb frame buffer device
[   10.737677] [drm] Initialized vboxvideo 1.0.0 20130823 for 0000:00:02.0 on minor 0
Begin: Loading essential drivers[   11.366678] md: linear personality registered for level -1
 ... [   11.426716] md: multipath personality registered for level -4
[   11.449622] md: raid0 personality registered for level 0
[   11.466423] md: raid1 personality registered for level 1
[   11.557651] raid6: sse2x1   gen()  9999 MB/s
[   11.629861] raid6: sse2x1   xor()  7395 MB/s
[   11.726019] raid6: sse2x2   gen() 12629 MB/s
[   11.805264] raid6: sse2x2   xor()  5195 MB/s
[   11.873167] raid6: sse2x4   gen()  9909 MB/s
[   11.953218] raid6: sse2x4   xor()  9937 MB/s
[   12.021427] raid6: avx2x1   gen() 20331 MB/s
[   12.157387] raid6: avx2x2   gen() 21002 MB/s
[   12.269430] raid6: avx2x4   gen() 14069 MB/s
[   12.272348] raid6: using algorithm avx2x2 gen() 21002 MB/s
[   12.276158] raid6: using avx2x2 recovery algorithm
[   12.280141] xor: automatically using best checksumming function:
[   12.321314]    avx       : 14461.000 MB/sec
[   12.334647] async_tx: api initialized (async)
[   12.362082] md: raid6 personality registered for level 6
[   12.365075] md: raid5 personality registered for level 5
[   12.367514] md: raid4 personality registered for level 4
[   12.393649] md: raid10 personality registered for level 10
done.
Begin: Running /scripts/init-premount ... done.
Begin: Mounting root file system ... Begin: Running /scripts/local-top ... done.
Begin: Running /scripts/local-premount ... [   12.467913] Btrfs loaded
Scanning for Btrfs filesystems
done.
Warning: fsck not present, so skipping root file system
[   12.538782] EXT4-fs (sda1): INFO: recovery required on readonly filesystem
[   12.541778] EXT4-fs (sda1): write access will be enabled during recovery
[   12.593620] EXT4-fs (sda1): orphan cleanup on readonly fs
[   12.598434] EXT4-fs (sda1): 1 orphan inode deleted
[   12.600633] EXT4-fs (sda1): recovery complete
[   12.609837] EXT4-fs (sda1): mounted filesystem with ordered data mode. Opts: (null)
done.
Begin: Running /scripts/local-bottom ... done.
Begin: Running /scripts/init-bottom ... done.
[   12.841998] systemd[1]: systemd 229 running in system mode. (+PAM +AUDIT +SELINUX +IMA +APPARMOR +SMACK +SYSVINIT +UTMP +LIBCRYPTSETUP +GCRYPT +GNUTLS +ACL +XZ -LZ4 +SECCOMP +BLKID +ELFUTILS +KMOD -IDN)
[   12.848519] systemd[1]: Detected virtualization oracle.
[   12.851931] systemd[1]: Detected architecture x86-64.

Welcome to [1mUbuntu 16.04.5 LTS[0m!

[   12.871166] systemd[1]: Set hostname to <idea-dev>.
[   13.146636] systemd[1]: Listening on Device-mapper event daemon FIFOs.
[[0;32m  OK  [0m] Listening on Device-mapper event daemon FIFOs.
[   13.158556] systemd[1]: Listening on Syslog Socket.
[[0;32m  OK  [0m] Listening on Syslog Socket.
[   13.162832] systemd[1]: Set up automount Arbitrary Executable File Formats File System Automount Point.
[[0;32m  OK  [0m] Set up automount Arbitrary Executab...ats File System Automount Point.
[   13.169767] systemd[1]: Listening on udev Control Socket.
[[0;32m  OK  [0m] Listening on udev Control Socket.
[   13.192710] systemd[1]: Listening on LVM2 metadata daemon socket.
[[0;32m  OK  [0m] Listening on LVM2 metadata daemon socket.
[   13.198160] systemd[1]: Listening on udev Kernel Socket.
[[0;32m  OK  [0m] Listening on udev Kernel Socket.
[   13.202494] systemd[1]: Reached target Encrypted Volumes.
[[0;32m  OK  [0m] Reached target Encrypted Volumes.
[   13.216698] systemd[1]: Listening on Journal Audit Socket.
[[0;32m  OK  [0m] Listening on Journal Audit Socket.
[   13.220739] systemd[1]: Reached target System Time Synchronized.
[[0;32m  OK  [0m] Reached target System Time Synchronized.
[   13.225299] systemd[1]: Reached target Swap.
[[0;32m  OK  [0m] Reached target Swap.
[   13.228843] systemd[1]: Created slice User and Session Slice.
[[0;32m  OK  [0m] Created slice User and Session Slice.
[   13.238798] systemd[1]: Listening on /dev/initctl Compatibility Named Pipe.
[[0;32m  OK  [0m] Listening on /dev/initctl Compatibility Named Pipe.
[   13.244089] systemd[1]: Listening on LVM2 poll daemon socket.
[[0;32m  OK  [0m] Listening on LVM2 poll daemon socket.
[   13.248953] systemd[1]: Listening on Journal Socket.
[[0;32m  OK  [0m] Listening on Journal Socket.
[   13.253123] systemd[1]: Listening on Journal Socket (/dev/log).
[[0;32m  OK  [0m] Listening on Journal Socket (/dev/log).
[   13.281460] systemd[1]: Started Forward Password Requests to Wall Directory Watch.
[[0;32m  OK  [0m] Started Forward Password Requests to Wall Directory Watch.
[   13.304671] systemd[1]: Created slice System Slice.
[[0;32m  OK  [0m] Created slice System Slice.
[   13.335233] systemd[1]: Created slice system-serial\x2dgetty.slice.
[[0;32m  OK  [0m] Created slice system-serial\x2dgetty.slice.
[   13.362366] random: nonblocking pool is initialized
[   13.381927] systemd[1]: Starting Uncomplicated firewall...
         Starting Uncomplicated firewall...
[   13.388942] systemd[1]: Starting Create list of required static device nodes for the current kernel...
         Starting Create list of required st... nodes for the current kernel...
[   13.406953] systemd[1]: Mounting Huge Pages File System...
         Mounting Huge Pages File System...
[   13.426466] systemd[1]: Starting Remount Root and Kernel File Systems...
[   13.431246] EXT4-fs (sda1): re-mounted. Opts: (null)
         Starting Remount Root and Kernel File Systems...
[   13.461905] systemd[1]: Starting Monitoring of LVM2 mirrors, snapshots etc. using dmeventd or progress polling...
         Starting Monitoring of LVM2 mirrors... dmeventd or progress polling...
[   13.477700] systemd[1]: Reached target Slices.
[[0;32m  OK  [0m] Reached target Slices.
[   13.483787] systemd[1]: Starting Journal Service...
         Starting Journal Service...
[   13.491052] systemd[1]: Mounting POSIX Message Queue File System...
         Mounting POSIX Message Queue File System...
[   13.501674] systemd[1]: Starting Set console keymap...
         Starting Set console keymap...
[   13.510779] systemd[1]: Starting Nameserver information manager...
         Starting Nameserver information manager...
[   13.529609] systemd[1]: Reached target User and Group Name Lookups.
[[0;32m  OK  [0m] Reached target User and Group Name Lookups.
[   13.577503] systemd[1]: Mounting Debug File System...
         Mounting Debug File System...
[   13.588266] systemd[1]: Started Trigger resolvconf update for networkd DNS.
[[0;32m  OK  [0m] Started Trigger resolvconf update for networkd DNS.
[   13.608949] systemd[1]: Starting Load Kernel Modules...
         Starting Load Kernel Modules...
[   13.619972] systemd[1]: Mounted Debug File System.
[[0;32m  OK  [0m] Mounted Debug File System.
[   13.625985] systemd[1]: Mounted POSIX Message Queue File System.
[[0;32m  OK  [0m] Mounted POSI[   13.634260] lp: driver loaded but no devices found
X Message Queue File System.
[   13.661375] ppdev: user-space parallel port driver
[   13.997948] systemd[1]: Mounted Huge Pages File System.
[   14.003451] Loading iSCSI transport class2.0-870.

[[0;32m  OK  [[   14.064553] iscsi: registered transport (tcp)
0m] Mounted Huge Pages File System.
[   14.088515] systemd[1]: Started Journal Service.
[[0;32m  OK  [0m] Started Journal Service.
[[0;32m  OK  [0m] Started Uncomplicated firewall.
[[0;32m  OK  [0m] Started Create list of required sta...ce nodes for the current kernel.
[[0;32m  OK  [0m] Started Remount Root and Kernel File Systems.
[[0;32m  OK  [0m] Started Set [   14.136680] iscsi: registered transport (iser)
console keymap.
[[0;32m  OK  [0m] Started Load Kernel Modules.
[[0;32m  OK  [0m] Started Nameserver information manager.
[[0;32m  OK  [0m] Started LVM2 metadata daemon.
         Starting Apply Kernel Variables...
         Mounting FUSE Control File System...
         Starting udev Coldplug all Devices...
         Starting Load/Save Random Seed...
         Starting Create Static Device Nodes in /dev...
         Starting Flush Journal to Persistent Storage...
[[0;32m  OK  [0m] Mounted FUSE Control File System.
[[0;32m  OK  [0m] Started Apply Kernel Variables.
[[0;32m  OK  [0m] Started Monitoring of LVM2 mirrors,...ng dmeventd or progress polling.
[[0;32m  OK  [0m] Started Load/Save Random Seed.
[[0;32m  OK  [0m] Started Create Static Device Nodes in /dev.
[[0;32m  OK  [0m] Started udev Coldplug all Devices.
[[0;32m  OK  [0m] Started Flush Journal to Persistent Storage.
         Starting udev Kernel Device Manager...
[[0;32m  OK  [0m] Reached target Local File Systems (Pre).
[[0;32m  OK  [0m] Reached target Local File Systems.
         Starting LSB: AppArmor initialization...
         Starting Initial cloud-init job (pre-networking)...
         Starting Set console font and keymap...
         Starting Tell Plymouth To Write Out Runtime Data...
         Starting Create Volatile Files and Directories...
[[0;32m  OK  [0m] Started Tell Plymouth To Write Out Runtime Data.
[[0;32m  OK  [0m] Started Create Volatile Files and Directories.
         Starting Update UTMP about System Boot/Shutdown...
[[0;32m  OK  [0m] Started Update UTMP about System Boot/Shutdown.
[[0;32m  OK  [0m] Started udev Kernel Device Manager.
[[0;32m  OK  [0m] Started Dispatch Password Requests to Console Directory Watch.
[[0;32m  OK  [0m] Started Set console font and keymap.
[[0;32m  OK  [0m] Created slice system-getty.slice.
[[0;32m  OK  [0m] Found device /dev/ttyS0.
[   15.245763] intel_rapl: no valid rapl domains found in package 0
[[0;32m  OK  [0m] Listening on Load/Save RF Kill Switch Status /dev/rfkill Watch.
[[0;32m  OK  [0m] Found device Virtio network device.
[[0;32m  OK  [0m] Found device Virtio network device.
[[0;32m  OK  [0m] Found device Virtio network device.
[[0;32m  OK  [0m] Found device Virtio network device.
[[0;32m  OK  [0m] Started LSB: AppArmor initialization.
[[0;32m  OK  [0m] Reached target Sound Card.
[   15.826182] cloud-init[472]: Cloud-init v. 18.4-0ubuntu1~16.04.2 running 'init-local' at Wed, 28 Nov 2018 06:22:01 +0000. Up 15.48 seconds.
[[0;32m  OK  [0m] Started Initial cloud-init job (pre-networking).
[[0;32m  OK  [0m] Reached target Network (Pre).
[[0;32m  OK  [0m] Started ifup for enp0s9.
[[0;32m  OK  [0m] Started ifup for enp0s8.
[[0;32m  OK  [0m] Started ifup for enp0s10.
         Starting Raise network interfaces...
[[0;32m  OK  [0m] Started ifup for enp0s3.
[[0;1;31mFAILED[0m] Failed to start Raise network interfaces.
See 'systemctl status networking.service' for details.
         Starting Initial cloud-init job (metadata service crawler)...
[   17.432881] cloud-init[1442]: Cloud-init v. 18.4-0ubuntu1~16.04.2 running 'init' at Wed, 28 Nov 2018 06:22:03 +0000. Up 17.00 seconds.
[   17.469440] cloud-init[1442]: ci-info: +++++++++++++++++++++++++++++++++++++++Net device info+++++++++++++++++++++++++++++++++++++++
[   17.495560] cloud-init[1442]: ci-info: +---------+------+-----------------------------+---------------+--------+-------------------+
[   17.581532] cloud-init[1442]: ci-info: |  Device |  Up  |           Address           |      Mask     | Scope  |     Hw-Address    |
[   17.582242] cloud-init[1442]: ci-info: +---------+------+-----------------------------+---------------+--------+-------------------+
[[0;32m  OK  [0m] Started Initial cloud-init job (metadata service crawler).
[   17.582747] cloud-init[1442]: ci-info: | enp0s10 | True |        192.168.0.104        | 255.255.255.0 | global | 08:00:27:a8:68:f0 |
[   17.666220] cloud-init[1442]: ci-info: | enp0s10 | True | fe80::a00:27ff:fea8:68f0/64 |       .       |  link  | 08:00:27:a8:68:f0 |
[   17.667476] cloud-init[1442]: ci-info: |  enp0s3 | True |          10.0.2.15          | 255.255.255.0 | global | 02:84:93:1d:32:86 |
[[0;32m  OK  [0m] Reached target System Initialization.
[[0;32m  OK  [0m] Listening on D-Bus System Message Bus Socket.
[   17.668596] cloud-init[1442]: ci-info: |  enp0s3 | True |  fe80::84:93ff:fe1d:3286/64 |       .       |  link  | 02:84:93:1d:32:86 |
[[0;32m  OK  [0m] Listening on ACPID Listen Socket.
[   17.738904] cloud-init[[0;32m  OK  [0m] Started ACPI Events Check.
[[0;32m  OK  [0m] Started CUPS Scheduler.
[[0;32m  OK  [0m] Reached target Paths.
[1442]: ci-info: |  enp0s8 | True |        192.168.99.200       | 255.255.255.0 | global | 08:00:27:70:cc:73 |
[[0;32m  OK  [0m] Started Daily apt download activities.
[   17.770169] [cloud-init[0;32m  OK  [0m[1442]: ] ci-info: |  enp0s8 | True | fe80::a00:27ff:fe70:cc73/64 |       .       |  link  | 08:00:27:70:cc:73 |Listening on UUID daemon activation socket.

[[0;32m  OK  [0m] Started Daily apt upgrade and clean activities.
[   17.801242] cloud-init[1442]: ci-info: |  enp0s9 | True |        192.168.0.200        | 255.255.255.0 | global | 08:00:27:79:be:2a |
[[0;32m  OK  [0m] Started Daily Cleanup of Temporary Directories.
[   17.812182] [[0;32m  OK  [0m] Reached target Timers.
         Starting LXD - unix socket.
cloud-init[1442]: ci-info: |  enp0s9 | True | fe80::a00:27ff:fe79:be2a/64 |       .       |  link  | 08:00:27:79:be:2a |
[   17.896915] [[0;32m  OK  [0m] Listening on CUPS Scheduler.
         Starting Socket activation for snappy daemon.
[[0;32m  OK  [0m] Listening on Avahi mDNS/DNS-SD Stack Activation Socket.
[[0;32m  OK  [0m] Reached target Cloud-config availability.
[[0;32m  OK  [0m] Listening on LXD - unix socket.
[[0;32m  OK  [0m] Listening on Socket activation for snappy daemon.
cloud-init[1442]: ci-info: |    lo   | True |          127.0.0.1          |   255.0.0.0   |  host  |         .         |
[   18.004176] [[0;32m  OK  [0m] Reached target Sockets.
[[0;32m  OK  [0m] Reached target Basic System.
cloud-init[1442]: ci-info: |    lo   | True |           ::1/128           |       .       |  host  |         .         |
         Starting LSB: MD monitoring daemon...
[   18.067903] cloud-init[1442]: ci-info: +---------+------+-----------------------------+---------------+--------+-------------------+
[   18.105419]          Starting LSB: Record successful boot for GRUB...
         Starting Accounts Service...
         Starting Login Service...
         Starting System Logging Service...
         Starting Detect the available GPUs and deal with any system changes...
         Starting Restore /etc/resolv.conf i...re the ppp link was shut down...
cloud-init[1442]: ci-info: +++++++++++++++++++++++++++Route IPv4 info++++++++++++++++++++++++++++
[   18.112232] cloud-init[1442]: ci-info: +-------+--------------+---------+---------------+-----------+-------+
[   18.112288] cloud-init[1442]: ci-info: | Route | Destination  | Gateway |    Genmask    | Interface | Flags |
[   18.112321] cloud-init[1442]: ci-info: +-------+--------------+---------+---------------+-----------+-------+
[   18.112631] cloud-init[1442]: ci-info: |   0   |   10.0.2.0   | 0.0.0.0 | 255.255.255.0 |   enp0s3  |   U   |
[   18.112671] cloud-init[1442]: ci-info: |   1   | 169.254.0.0  | 0.0.0.0 |  255.255.0.0  |   enp0s9  |   U   |
[   18.112702] cloud-init[1442]: ci-info: |   2   | 192.168.0.0  | 0.0.0.0 | 255.255.255.0 |   enp0s9  |   U   |
[   18.112738] cloud-init[1442]: ci-info: |   3   | 192.168.0.0  | 0.0.0.0 | 255.255.255.0 |  enp0s10  |   U   |
[   18.112769] cloud-init[1442]: ci-info: |   4   | 192.168.99.0 | 0.0.0.0 | 255.255.255.0 |   enp0s8  |   U   |
[   18.112813] cloud-init[1442]: ci-info: +-------+--------------+---------+---------------+-----------+-------+
[   18.113034] cloud-init[1442]: ci-info: +++++++++++++++++++Route IPv6 info+++++++++++++++++++
[   18.113079] cloud-init[1442]: ci-info: +-------+-------------+---------+-----------+-------+
[   18.113112] cloud-init[1442]: ci-info: | Route | Destination | Gateway | Interface | Flags |
[   18.113143] cloud-init[1442]: ci-info: +-------+-------------+---------+-----------+-------+
[   18.113172] cloud-init[1442]: ci-info: |   0   |  fe80::/64  |    ::   |   enp0s8  |   U   |
[   18.113204] cloud-init[1442]: ci-info: |   1   |  fe80::/64  |    ::   |   enp0s9  |   U   |
[   18.113247] cloud-init[1442]: ci-info: |   2   |  fe80::/64  |    ::   |  enp0s10  |   U   |
[   18.113293] cloud-init[1442]: ci-info: |   3   |  fe80::/64  |    ::   |   enp0s3  |   U   |
[   18.113330] cloud-init[1442]: ci-info: |   6   |   ff00::/8  |    ::   |   enp0s8  |   U   |
[   18.113361] cloud-init[1442]: ci-info: |   7   |   ff00::/8  |    ::   |   enp0s9  |   U   |
[   18.113391] cloud-init[1442]: ci-info: |   8   |   ff00::/8  |    ::   |  enp0s10  |   U   |
[   18.113421] cloud-init[1442]: ci-info: |   9   |   ff00::/8  |    ::   |   enp0s3  |   U   |
[   18.113451] cloud-init[1442]: ci-info: +-------+-------------+---------+-----------+-------+
[[0;32m  OK  [0m] Started Run anacron jobs.
[[0;32m  OK  [0m] Started D-Bus System Message Bus.
         Starting Network Manager...
         Starting vboxadd.service...
[[0;32m  OK  [0m] Started FUSE filesystem for LXC.
         Starting Thermal Daemon Service...
[[0;32m  OK  [0m] Started CUPS Scheduler.
         Starting Avahi mDNS/DNS-SD Stack...
         Starting Snappy daemon...
[[0;32m  OK  [0m] Started ACPI event daemon.
         Starting LXD - container startup/shutdown...
[[0;32m  OK  [0m] Started Deferred execution scheduler.
[[0;32m  OK  [0m] Started Regular background program processing daemon.
         Starting Save/Restore Sound Card State...
[[0;32m  OK  [0m] Started System Logging Service.
[[0;32m  OK  [0m] Started Detect the available GPUs and deal with any system changes.
[[0;32m  OK  [0m] Started Restore /etc/resolv.conf if...fore the ppp link was shut down.
[[0;32m  OK  [0m] Started Thermal Daemon Service.
[[0;32m  OK  [0m] Started Save/Restore Sound Card State.
[[0;32m  OK  [0m] Started LSB: Record successful boot for GRUB.
[[0;32m  OK  [0m] Started LSB: MD monitoring daemon.
[[0;32m  OK  [0m] Started Avahi mDNS/DNS-SD Stack.
[[0;32m  OK  [0m] Started Login Service.
[[0;32m  OK  [0m] Started Make remote CUPS printers available locally.
         Starting Authenticate and Authorize Users to Run Privileged Tasks...
[[0;32m  OK  [0m] Started Network Manager.
[[0;32m  OK  [0m] Reached target Network.
[[0;32m  OK  [0m] Started Unattended Upgrades Shutdown.
         Starting Network Manager Wait Online...
[[0;32m  OK  [0m] Started Authenticate and Authorize Users to Run Privileged Tasks.
[[0;32m  OK  [0m] Started Accounts Service.
         Starting Network Manager Script Dispatcher Service...
[[0;32m  OK  [0m] Started Network Manager Script Dispatcher Service.
         Starting Hostname Service...
[[0;32m  OK  [0m] Started Hostname Service.
[[0;32m  OK  [0m] Started LXD - container startup/shutdown.
[[0;32m  OK  [0m] Started Snappy daemon.
         Starting Wait until snapd is fully seeded...
[[0;32m  OK  [0m] Started Network Manager Wait Online.
[[0;32m  OK  [0m] Reached target Network is Online.
         Starting iSCSI initiator daemon (iscsid)...
         Starting OpenBSD Secure Shell server...
         Starting /etc/rc.local Compatibility...
[[0;32m  OK  [0m] Started Wait until snapd is fully seeded.
[[0;32m  OK  [0m] Started /etc/rc.local Compatibility.
[[0;32m  OK  [0m] Started OpenBSD Secure Shell server.
[[0;32m  OK  [0m] Started iSCSI initiator daemon (iscsid).
         Starting Login to default iSCSI targets...
         Starting Apply the settings specified in cloud-config...
[[0;32m  OK  [0m] Started Login to default iSCSI targets.
[[0;32m  OK  [0m] Reached target Remote File Systems (Pre).
[[0;32m  OK  [0m] Reached target Remote File Systems.
         Starting Permit User Sessions...
         Starting LSB: daemon to balance interrupts for SMP systems...
         Starting LSB: automatic crash report generation...
         Starting LSB: Set the CPU Frequency Scaling governor to "ondemand"...
[[0;32m  OK  [0m] Started Permit User Sessions.
         Starting Hold until boot process finishes up...
[[0;32m  OK  [0m] Started Hold until boot process finishes up.
         Starting Set console scheme...
[[0;32m  OK  [0m] Started Getty on tty1.
[[0;32m  OK  [0m] Started Serial Getty on ttyS0.
[[0;32m  OK  [0m] Reached target Login Prompts.
[[0;32m  OK  [0m] Started LSB: daemon to balance interrupts for SMP systems.
[[0;32m  OK  [0m] Started LSB: Set the CPU Frequency Scaling governor to "ondemand".
[[0;32m  OK  [0m] Started Set console scheme.
[[0;32m  OK  [0m] Started LSB: automatic crash report generation.
[[0;32m  OK  [0m] Created slice User Slice of vagrant.
         Starting User Manager for UID 1000...
[[0;32m  OK  [0m] Started Session 1 of user vagrant.
[[0;32m  OK  [0m] Started vboxadd.service.
         Starting Light Display Manager...
         Starting vboxadd-service.service...
[[0;32m  OK  [0m] Started User Manager for UID 1000.
[[0;32m  OK  [0m] Started vboxadd-service.service.
[[0;32m  OK  [0m] Reached target Multi-User System.
[[0;32m  OK  [0m] Started Light Display Manager.
[[0;32m  OK  [0m] Reached target Graphical Interface.
         Starting Update UTMP about System Runlevel Changes...
[[0;32m  OK  [0m] Started Update UTMP about System Runlevel Changes.
[   21.209378] cloud-init[1693]: Cloud-init v. 18.4-0ubuntu1~16.04.2 running 'modules:config' at Wed, 28 Nov 2018 06:22:06 +0000. Up 20.85 seconds.
[[0;32m  OK  [0m] Started Apply the settings specified in cloud-config.
         Starting Execute cloud user/final scripts...
[   22.001410] cloud-init[1920]: Cloud-init v. 18.4-0ubuntu1~16.04.2 running 'modules:final' at Wed, 28 Nov 2018 06:22:07 +0000. Up 21.76 seconds.
[   22.031844] cloud-init[1920]: Cloud-init v. 18.4-0ubuntu1~16.04.2 finished at Wed, 28 Nov 2018 06:22:08 +0000. Datasource DataSourceNoCloud [seed=/dev/sdb][dsmode=net].  Up 21.99 seconds
[[0;32m  OK  [0m] Started Execute cloud user/final scripts.
[[0;32m  OK  [0m] Reached target Cloud-init target.

Ubuntu 16.04.5 LTS idea-dev ttyS0

idea-dev login: 